******************************************************************************
                  TI ARM Linker PC v18.12.3                    
******************************************************************************
>> Linked Mon Feb 17 20:25:25 2020

OUTPUT FILE NAME:   <GPIO_VLSI.out>
ENTRY POINT SYMBOL: "_c_int00_noinit_noargs"  address: 00000621


MEMORY CONFIGURATION

         name            origin    length      used     unused   attr    fill
----------------------  --------  ---------  --------  --------  ----  --------
  FLASH                 00000000   00040000  00000660  0003f9a0  R  X
  SRAM                  20000000   00008000  00000200  00007e00  RW X


SEGMENT ALLOCATION MAP

run origin  load origin   length   init length attrs members
----------  ----------- ---------- ----------- ----- -------
00000000    00000000    00000660   00000660    r-x
  00000000    00000000    0000026c   0000026c    r-- .intvecs
  0000026c    0000026c    000003f4   000003f4    r-x .text
20000000    20000000    00000200   00000000    rw-
  20000000    20000000    00000200   00000000    rw- .stack


SECTION ALLOCATION MAP

 output                                  attributes/
section   page    origin      length       input sections
--------  ----  ----------  ----------   ----------------
.intvecs   0    00000000    0000026c     
                  00000000    0000026c     tm4c123gh6pm_startup_ccs.obj (.intvecs)

.text      0    0000026c    000003f4     
                  0000026c    00000310     GPIO.obj (.text)
                  0000057c    000000a4     main.obj (.text)
                  00000620    0000002c     rtsv7M4_T_le_v4SPD16_eabi.lib : boot_cortex_m.c.obj (.text:_c_int00_noinit_noargs:_c_int00_noinit_noargs)
                  0000064c    0000000c     tm4c123gh6pm_startup_ccs.obj (.text)
                  00000658    00000004     rtsv7M4_T_le_v4SPD16_eabi.lib : pre_init.c.obj (.text:_system_pre_init)
                  0000065c    00000004                                   : exit.c.obj (.text:abort:abort)

.cinit     0    00000000    00000000     UNINITIALIZED

.init_array 
*          0    00000000    00000000     UNINITIALIZED

.stack     0    20000000    00000200     UNINITIALIZED
                  20000000    00000004     rtsv7M4_T_le_v4SPD16_eabi.lib : boot_cortex_m.c.obj (.stack)
                  20000004    000001fc     --HOLE--

MODULE SUMMARY

       Module                         code   ro data   rw data
       ------                         ----   -------   -------
    .\
       GPIO.obj                       784    0         0      
       tm4c123gh6pm_startup_ccs.obj   12     620       0      
       main.obj                       164    0         0      
    +--+------------------------------+------+---------+---------+
       Total:                         960    620       0      
                                                              
    C:\ti\ccs920\ccs\tools\compiler\ti-cgt-arm_18.12.3.LTS\lib\rtsv7M4_T_le_v4SPD16_eabi.lib
       boot_cortex_m.c.obj            44     0         0      
       exit.c.obj                     4      0         0      
       pre_init.c.obj                 4      0         0      
    +--+------------------------------+------+---------+---------+
       Total:                         52     0         0      
                                                              
       Stack:                         0      0         512    
    +--+------------------------------+------+---------+---------+
       Grand Total:                   1012   620       512    


GLOBAL SYMBOLS: SORTED ALPHABETICALLY BY Name 

address   name                  
-------   ----                  
0000065d  C$$EXIT               
000003a5  GPIOBusGet            
00000383  GPIOBusSet            
000003fd  GPIOClockGet          
000003e9  GPIOClockRst          
000003cd  GPIOClockSet          
0000032f  GPIODirGet            
0000026d  GPIODirModeSet        
00000359  GPIOModeGet           
000004b7  GPIOPadOpenDrainGet   
0000050b  GPIOPadPullDownGet    
000004e1  GPIOPadPullUpGet      
0000041b  GPIOPadSet            
00000535  GPIORead              
00000555  GPIOWrite             
0000064d  ResetISR              
20000200  __STACK_END           
00000200  __STACK_SIZE          
20000200  __STACK_TOP           
ffffffff  __TI_pprof_out_hndl   
ffffffff  __TI_prof_data_size   
ffffffff  __TI_prof_data_start  
00000000  __TI_static_base__    
ffffffff  __binit__             
ffffffff  __c_args__            
UNDEFED   __mpu_init            
20000000  __stack               
00000621  _c_int00_noinit_noargs
0000057d  _delay_ms             
00000659  _system_pre_init      
0000065d  abort                 
ffffffff  binit                 
00000000  g_pfnVectors          
000005bf  main                  


GLOBAL SYMBOLS: SORTED BY Symbol Address 

address   name                  
-------   ----                  
00000000  __TI_static_base__    
00000000  g_pfnVectors          
00000200  __STACK_SIZE          
0000026d  GPIODirModeSet        
0000032f  GPIODirGet            
00000359  GPIOModeGet           
00000383  GPIOBusSet            
000003a5  GPIOBusGet            
000003cd  GPIOClockSet          
000003e9  GPIOClockRst          
000003fd  GPIOClockGet          
0000041b  GPIOPadSet            
000004b7  GPIOPadOpenDrainGet   
000004e1  GPIOPadPullUpGet      
0000050b  GPIOPadPullDownGet    
00000535  GPIORead              
00000555  GPIOWrite             
0000057d  _delay_ms             
000005bf  main                  
00000621  _c_int00_noinit_noargs
0000064d  ResetISR              
00000659  _system_pre_init      
0000065d  C$$EXIT               
0000065d  abort                 
20000000  __stack               
20000200  __STACK_END           
20000200  __STACK_TOP           
ffffffff  __TI_pprof_out_hndl   
ffffffff  __TI_prof_data_size   
ffffffff  __TI_prof_data_start  
ffffffff  __binit__             
ffffffff  __c_args__            
ffffffff  binit                 
UNDEFED   __mpu_init            

[34 symbols]
