******************************************************************************
                  TI ARM Linker PC v18.12.3                    
******************************************************************************
>> Linked Tue Mar  3 15:49:08 2020

OUTPUT FILE NAME:   <Interruprt_VLSI.out>
ENTRY POINT SYMBOL: "_c_int00_noargs"  address: 00000f11


MEMORY CONFIGURATION

         name            origin    length      used     unused   attr    fill
----------------------  --------  ---------  --------  --------  ----  --------
  FLASH                 00000000   00040000  00000f88  0003f078  R  X
  SRAM                  20000000   00008000  00000204  00007dfc  RW X


SEGMENT ALLOCATION MAP

run origin  load origin   length   init length attrs members
----------  ----------- ---------- ----------- ----- -------
00000000    00000000    00000f8c   00000f8c    r-x
  00000000    00000000    0000026c   0000026c    r-- .intvecs
  0000026c    0000026c    00000d08   00000d08    r-x .text
  00000f78    00000f78    00000014   00000014    r-- .cinit
20000000    20000000    00000204   00000000    rw-
  20000000    20000000    00000200   00000000    rw- .stack
  20000200    20000200    00000004   00000000    rw- .bss


SECTION ALLOCATION MAP

 output                                  attributes/
section   page    origin      length       input sections
--------  ----  ----------  ----------   ----------------
.intvecs   0    00000000    0000026c     
                  00000000    0000026c     tm4c123gh6pm_startup_ccs.obj (.intvecs)

.text      0    0000026c    00000d08     
                  0000026c    00000634     Interrupt.obj (.text)
                  000008a0    00000554     GPIO.obj (.text)
                  00000df4    000000d8     main.obj (.text)
                  00000ecc    00000044     rtsv7M4_T_le_v4SPD16_eabi.lib : autoinit.c.obj (.text:__TI_auto_init_nobinit_nopinit:__TI_auto_init_nobinit_nopinit)
                  00000f10    00000034                                   : boot_cortex_m.c.obj (.text:_c_int00_noargs:_c_int00_noargs)
                  00000f44    0000001c                                   : copy_zero_init.c.obj (.text:decompress:ZI:__TI_zero_init_nomemset:__TI_zero_init_nomemset)
                  00000f60    0000000c     tm4c123gh6pm_startup_ccs.obj (.text)
                  00000f6c    00000004     rtsv7M4_T_le_v4SPD16_eabi.lib : pre_init.c.obj (.text:_system_pre_init)
                  00000f70    00000004                                   : exit.c.obj (.text:abort:abort)

.cinit     0    00000f78    00000014     
                  00000f78    00000008     (.cinit..bss.load) [load image, compression = zero_init]
                  00000f80    00000004     (__TI_handler_table)
                  00000f84    00000008     (__TI_cinit_table)

.init_array 
*          0    00000000    00000000     UNINITIALIZED

.bss       0    20000200    00000004     UNINITIALIZED
                  20000200    00000004     (.common:ptr2)

.stack     0    20000000    00000200     UNINITIALIZED
                  20000000    00000004     rtsv7M4_T_le_v4SPD16_eabi.lib : boot_cortex_m.c.obj (.stack)
                  20000004    000001fc     --HOLE--

MODULE SUMMARY

       Module                         code   ro data   rw data
       ------                         ----   -------   -------
    .\
       Interrupt.obj                  1588   0         4      
       GPIO.obj                       1364   0         0      
       tm4c123gh6pm_startup_ccs.obj   12     620       0      
       main.obj                       216    0         0      
    +--+------------------------------+------+---------+---------+
       Total:                         3180   620       4      
                                                              
    C:\ti\ccs920\ccs\tools\compiler\ti-cgt-arm_18.12.3.LTS\lib\rtsv7M4_T_le_v4SPD16_eabi.lib
       autoinit.c.obj                 68     0         0      
       boot_cortex_m.c.obj            52     0         0      
       copy_zero_init.c.obj           28     0         0      
       exit.c.obj                     4      0         0      
       pre_init.c.obj                 4      0         0      
    +--+------------------------------+------+---------+---------+
       Total:                         156    0         0      
                                                              
       Stack:                         0      0         512    
       Linker Generated:              0      20        0      
    +--+------------------------------+------+---------+---------+
       Grand Total:                   3336   640       516    


LINKER GENERATED COPY TABLES

__TI_cinit_table @ 00000f84 records: 1, size/record: 8, table size: 8
	.bss: load addr=00000f78, load size=00000008 bytes, run addr=20000200, run size=00000004 bytes, compression=zero_init


LINKER GENERATED HANDLER TABLE

__TI_handler_table @ 00000f80 records: 1, size/record: 4, table size: 4
	index: 0, handler: __TI_zero_init


GLOBAL SYMBOLS: SORTED ALPHABETICALLY BY Name 

address   name                          
-------   ----                          
00000f71  C$$EXIT                       
000009d9  GPIOBusGet                    
000009b7  GPIOBusSet                    
00000a31  GPIOClockGet                  
00000a1d  GPIOClockRst                  
00000a01  GPIOClockSet                  
00000963  GPIODirGet                    
000008a1  GPIODirModeSet                
00000dc1  GPIOInterruptClearFlag        
00000d91  GPIOInterruptDisable          
00000d57  GPIOInterruptEnable           
00000c2d  GPIOInterruptModeSet          
0000098d  GPIOModeGet                   
00000aeb  GPIOPadDrive2_mAGet           
00000b15  GPIOPadDrive4_mAGet           
00000b3f  GPIOPadDrive8_mAGet           
00000b69  GPIOPadOpenDrainGet           
00000bbd  GPIOPadPullDownGet            
00000b93  GPIOPadPullUpGet              
00000a4f  GPIOPadSet                    
00000be7  GPIORead                      
00000c07  GPIOWrite                     
00000535  ISRPtr                        
000005d1  ISR_ADC0                      
000005db  ISR_ADC1                      
00000717  ISR_ADC1Sequence0             
00000721  ISR_ADC1Sequence1             
0000072b  ISR_ADC1Sequence2             
00000735  ISR_ADC1Sequence3             
000005e5  ISR_ADC2                      
000005ef  ISR_ADC3                      
00000647  ISR_Analogcomp0               
00000651  ISR_Analogcomp1               
00000661  ISR_Analogcomp2               
000006cb  ISR_CAN0                      
000006d5  ISR_CAN1                      
00000843  ISR_FPU                       
00000675  ISR_FlashControl              
0000067f  ISR_GPIOPPortF                
00000545  ISR_GPIOPortA                 
0000054f  ISR_GPIOPortB                 
00000559  ISR_GPIOPortC                 
00000563  ISR_GPIOPortD                 
0000056d  ISR_GPIOPortE                 
000006df  ISR_Hibrnate                  
00000595  ISR_I2C0                      
000006b7  ISR_I2C1                      
0000078b  ISR_I2C2                      
00000795  ISR_I2C3                      
0000084d  ISR_I2C4                      
00000857  ISR_I2C5                      
0000059f  ISR_PWM0Fault                 
000005a9  ISR_PWM0Genretaor0            
000005b3  ISR_PWM0Genretaor1            
000005bd  ISR_PWM0Genretaor2            
00000893  ISR_PWM1Fault                 
0000086b  ISR_PWM1Generator0            
00000875  ISR_PWM1Generator1            
0000087f  ISR_PWM1Generator2            
00000889  ISR_PWM1Generator3            
000006f3  ISR_PWMGenereator0            
000005c7  ISR_QuadEncoder0              
000006c1  ISR_QuadEncoder1              
00000861  ISR_QuadEncoder2              
0000058b  ISR_SSI0                      
00000699  ISR_SSI1                      
0000073f  ISR_SSI2                      
00000749  ISR_SSI3                      
0000066b  ISR_SystemControl             
00000607  ISR_Timer0_A                  
00000611  ISR_Timer0_B                  
0000061b  ISR_Timer1_A                  
00000629  ISR_Timer1_B                  
00000633  ISR_Timer2_A                  
0000063d  ISR_Timer2_B                  
000006a3  ISR_Timer3_A                  
000006ad  ISR_Timer3_B                  
0000079f  ISR_Timer4_A                  
000007a9  ISR_Timer4_B                  
000007b3  ISR_Timer5_A                  
000007c1  ISR_Timer5_B                  
000006e9  ISR_USB0                      
00000577  ISR_Uart0                     
00000581  ISR_Uart1                     
00000689  ISR_Uart2                     
00000759  ISR_Uart3                     
00000763  ISR_Uart4                     
0000076d  ISR_Uart5                     
00000777  ISR_Uart6                     
00000781  ISR_Uart7                     
000007cb  ISR_WTimer0_A                 
000007d5  ISR_WTimer0_B                 
000007df  ISR_WTimer1_A                 
000007e9  ISR_WTimer1_B                 
000007f3  ISR_WTimer2_A                 
000007fd  ISR_WTimer2_B                 
00000807  ISR_WTimer3_A                 
00000811  ISR_WTimer3_B                 
0000081b  ISR_WTimer4_A                 
00000825  ISR_WTimer4_B                 
0000082f  ISR_WTimer5_A                 
00000839  ISR_WTimer5_B                 
000005fd  ISR_WatchdogTimer             
0000070d  ISR_uDMAEror                  
000006fd  ISR_uDMATrsansfer             
0000035d  IntClearPending               
000002bd  IntDisable                    
0000026d  IntEnable                     
0000040d  IntGetActive                  
000003ad  IntGetPending                 
000004c5  IntGetPriority                
00000ea5  IntPortF                      
0000030d  IntSetPending                 
0000046d  IntSetPriority                
00000f61  ResetISR                      
20000200  __STACK_END                   
00000200  __STACK_SIZE                  
20000200  __STACK_TOP                   
00000f84  __TI_CINIT_Base               
00000f8c  __TI_CINIT_Limit              
00000f80  __TI_Handler_Table_Base       
00000f84  __TI_Handler_Table_Limit      
00000ecd  __TI_auto_init_nobinit_nopinit
ffffffff  __TI_pprof_out_hndl           
ffffffff  __TI_prof_data_size           
ffffffff  __TI_prof_data_start          
00000000  __TI_static_base__            
00000f45  __TI_zero_init_nomemset       
ffffffff  __binit__                     
ffffffff  __c_args__                    
UNDEFED   __mpu_init                    
20000000  __stack                       
00000f11  _c_int00_noargs               
00000df5  _delay_ms                     
UNDEFED   _system_post_cinit            
00000f6d  _system_pre_init              
00000f71  abort                         
ffffffff  binit                         
00000000  g_pfnVectors                  
00000e37  main                          
20000200  ptr2                          


GLOBAL SYMBOLS: SORTED BY Symbol Address 

address   name                          
-------   ----                          
00000000  __TI_static_base__            
00000000  g_pfnVectors                  
00000200  __STACK_SIZE                  
0000026d  IntEnable                     
000002bd  IntDisable                    
0000030d  IntSetPending                 
0000035d  IntClearPending               
000003ad  IntGetPending                 
0000040d  IntGetActive                  
0000046d  IntSetPriority                
000004c5  IntGetPriority                
00000535  ISRPtr                        
00000545  ISR_GPIOPortA                 
0000054f  ISR_GPIOPortB                 
00000559  ISR_GPIOPortC                 
00000563  ISR_GPIOPortD                 
0000056d  ISR_GPIOPortE                 
00000577  ISR_Uart0                     
00000581  ISR_Uart1                     
0000058b  ISR_SSI0                      
00000595  ISR_I2C0                      
0000059f  ISR_PWM0Fault                 
000005a9  ISR_PWM0Genretaor0            
000005b3  ISR_PWM0Genretaor1            
000005bd  ISR_PWM0Genretaor2            
000005c7  ISR_QuadEncoder0              
000005d1  ISR_ADC0                      
000005db  ISR_ADC1                      
000005e5  ISR_ADC2                      
000005ef  ISR_ADC3                      
000005fd  ISR_WatchdogTimer             
00000607  ISR_Timer0_A                  
00000611  ISR_Timer0_B                  
0000061b  ISR_Timer1_A                  
00000629  ISR_Timer1_B                  
00000633  ISR_Timer2_A                  
0000063d  ISR_Timer2_B                  
00000647  ISR_Analogcomp0               
00000651  ISR_Analogcomp1               
00000661  ISR_Analogcomp2               
0000066b  ISR_SystemControl             
00000675  ISR_FlashControl              
0000067f  ISR_GPIOPPortF                
00000689  ISR_Uart2                     
00000699  ISR_SSI1                      
000006a3  ISR_Timer3_A                  
000006ad  ISR_Timer3_B                  
000006b7  ISR_I2C1                      
000006c1  ISR_QuadEncoder1              
000006cb  ISR_CAN0                      
000006d5  ISR_CAN1                      
000006df  ISR_Hibrnate                  
000006e9  ISR_USB0                      
000006f3  ISR_PWMGenereator0            
000006fd  ISR_uDMATrsansfer             
0000070d  ISR_uDMAEror                  
00000717  ISR_ADC1Sequence0             
00000721  ISR_ADC1Sequence1             
0000072b  ISR_ADC1Sequence2             
00000735  ISR_ADC1Sequence3             
0000073f  ISR_SSI2                      
00000749  ISR_SSI3                      
00000759  ISR_Uart3                     
00000763  ISR_Uart4                     
0000076d  ISR_Uart5                     
00000777  ISR_Uart6                     
00000781  ISR_Uart7                     
0000078b  ISR_I2C2                      
00000795  ISR_I2C3                      
0000079f  ISR_Timer4_A                  
000007a9  ISR_Timer4_B                  
000007b3  ISR_Timer5_A                  
000007c1  ISR_Timer5_B                  
000007cb  ISR_WTimer0_A                 
000007d5  ISR_WTimer0_B                 
000007df  ISR_WTimer1_A                 
000007e9  ISR_WTimer1_B                 
000007f3  ISR_WTimer2_A                 
000007fd  ISR_WTimer2_B                 
00000807  ISR_WTimer3_A                 
00000811  ISR_WTimer3_B                 
0000081b  ISR_WTimer4_A                 
00000825  ISR_WTimer4_B                 
0000082f  ISR_WTimer5_A                 
00000839  ISR_WTimer5_B                 
00000843  ISR_FPU                       
0000084d  ISR_I2C4                      
00000857  ISR_I2C5                      
00000861  ISR_QuadEncoder2              
0000086b  ISR_PWM1Generator0            
00000875  ISR_PWM1Generator1            
0000087f  ISR_PWM1Generator2            
00000889  ISR_PWM1Generator3            
00000893  ISR_PWM1Fault                 
000008a1  GPIODirModeSet                
00000963  GPIODirGet                    
0000098d  GPIOModeGet                   
000009b7  GPIOBusSet                    
000009d9  GPIOBusGet                    
00000a01  GPIOClockSet                  
00000a1d  GPIOClockRst                  
00000a31  GPIOClockGet                  
00000a4f  GPIOPadSet                    
00000aeb  GPIOPadDrive2_mAGet           
00000b15  GPIOPadDrive4_mAGet           
00000b3f  GPIOPadDrive8_mAGet           
00000b69  GPIOPadOpenDrainGet           
00000b93  GPIOPadPullUpGet              
00000bbd  GPIOPadPullDownGet            
00000be7  GPIORead                      
00000c07  GPIOWrite                     
00000c2d  GPIOInterruptModeSet          
00000d57  GPIOInterruptEnable           
00000d91  GPIOInterruptDisable          
00000dc1  GPIOInterruptClearFlag        
00000df5  _delay_ms                     
00000e37  main                          
00000ea5  IntPortF                      
00000ecd  __TI_auto_init_nobinit_nopinit
00000f11  _c_int00_noargs               
00000f45  __TI_zero_init_nomemset       
00000f61  ResetISR                      
00000f6d  _system_pre_init              
00000f71  C$$EXIT                       
00000f71  abort                         
00000f80  __TI_Handler_Table_Base       
00000f84  __TI_CINIT_Base               
00000f84  __TI_Handler_Table_Limit      
00000f8c  __TI_CINIT_Limit              
20000000  __stack                       
20000200  __STACK_END                   
20000200  __STACK_TOP                   
20000200  ptr2                          
ffffffff  __TI_pprof_out_hndl           
ffffffff  __TI_prof_data_size           
ffffffff  __TI_prof_data_start          
ffffffff  __binit__                     
ffffffff  __c_args__                    
ffffffff  binit                         
UNDEFED   __mpu_init                    
UNDEFED   _system_post_cinit            

[141 symbols]
